// Jest Snapshot v1, https://goo.gl/fbAQLP

exports[`pruebas de AddCategory que el componete se muestre de forma correcta  1`] = `
<form
  onSubmit={[Function]}
>
  <h2>
    search
  </h2>
  <input
    onChange={[Function]}
    type="text"
    value=""
  />
</form>
`;
